7zip
amd-ucode
android-studio
base
base-devel
bat
bibata-cursor-theme-bin
brave-bin
clang
cmake
cronie
dbeaver
discord
docker
docker-compose
dunst
fish
fontconfig
fzf
ghostscript
ghostty
git
gitkraken
gnome-keyring
gnu-netcat
graphicsmagick
grim
gvfs
jdk17-openjdk
lib32-fontconfig
lib32-mesa
lib32-nvidia-utils
lib32-pipewire
libva-nvidia-driver
linux
linux-firmware
linux-headers
linux-lts
linux-lts-headers
lsd
man-db
mesa
mesa-utils
mpv
neovim
network-manager-applet
networkmanager
ninja
nodejs-lts-iron
noto-fonts
noto-fonts-cjk
noto-fonts-emoji
noto-fonts-extra
npm
nvidia-open-dkms
nwg-look
openssh
papirus-icon-theme
paru
pavucontrol
pipewire
pipewire-alsa
pipewire-jack
pipewire-pulse
playerctl
pnpm
polkit-gnome
postgresql
proton-ge-custom-bin
qbittorrent
redis
reflector
ripgrep
rofi-wayland
slurp
spotify-launcher
starship
steam
sway
swaybg
swayidle
swaylock
teams-for-linux
thunar
timeshift
ttf-dejavu
ttf-liberation
ttf-nerd-fonts-symbols-mono
udiskie
ufw
unzip
visual-studio-code-bin
waybar
wireplumber
wl-clipboard
xdg-user-dirs
xdg-utils
xdotool
xorg-xhost
xorg-xwayland
yadm
zoxide
zram-generator
