amd-ucode
android-studio
base
base-devel
bibata-cursor-theme-bin
btrfs-progs
chromium
cronie
cursor-bin
dbeaver
discord
dmenu
docker
docker-compose
dunst
efibootmgr
firefox-developer-edition
fish
fontconfig
fzf
ghostscript
git
gitkraken
gnome-keyring
gnu-netcat
graphicsmagick
grim
grub
inter-font
lib32-fontconfig
lib32-nvidia-utils
lib32-pipewire
libbsd
libva-nvidia-driver
linux
linux-firmware
linux-firmware-qlogic
linux-headers
man-db
mesa
mesa-utils
mpv
nemo
nemo-fileroller
neovim
network-manager-applet
networkmanager
nodejs-lts-iron
noto-fonts
noto-fonts-cjk
noto-fonts-emoji
noto-fonts-extra
nvidia-open-dkms
nvidia-settings
nwg-look
openssh
pacman-contrib
papirus-icon-theme
paru
pavucontrol
pipewire
pipewire-alsa
pipewire-jack
pipewire-pulse
playerctl
polkit-gnome
postgresql
qbittorrent
redis
reflector
ripgrep
rofi-wayland
slurp
spotify-launcher
starship
steam
sway-git
swaybg
swayidle
swaylock
teams-for-linux
timeshift
ttf-dejavu
ttf-firacode-nerd
ttf-liberation
udiskie
ufw
wezterm
wireplumber
wl-clipboard
wmenu
xdg-desktop-portal-gtk
xdg-desktop-portal-wlr
xdg-user-dirs
xdg-utils
xdotool
xone-dlundqvist-dkms-git
xorg-xhost
yadm
zoxide
zram-generator
